<testsuites id="" name="" tests="1" failures="1" skipped="0" errors="0" time="23.887172999999997">
<testsuite name="ai-playwright-example2.spec.js" timestamp="2025-07-20T19:50:19.129Z" hostname="" tests="1" failures="1" skipped="0" time="20.798" errors="0">
<testcase name="zerostep example" classname="ai-playwright-example2.spec.js" time="20.798">
<failure message="ai-playwright-example2.spec.js:5:5 zerostep example" type="FAILURE">
<![CDATA[  ai-playwright-example2.spec.js:5:5 › zerostep example ────────────────────────────────────────────

    Error: page.evaluate: Execution context was destroyed, most likely because of a navigation

      12 |   await ai('Click Sign In', aiArgs)
      13 |   await page.waitForTimeout(8_000)
    > 14 |   await page.evaluate(() => window.scrollTo(0, document.body.scrollHeight));
         |              ^
      15 |   await ai('click Add button associated with "iphone X"',aiArgs)
      16 |   await ai('Go to the checkout page',aiArgs)
      17 |   await ai('click checkout button',aiArgs)
        at C:\Users\PC\Documents\AutomationPractice\ai-playwright\tests\ai-playwright-example2.spec.js:14:14

    attachment #1: screenshot (image/png) ──────────────────────────────────────────────────────────
    ..\test-results\ai-playwright-example2-zerostep-example\test-failed-1.png
    ────────────────────────────────────────────────────────────────────────────────────────────────

    Error Context: ..\test-results\ai-playwright-example2-zerostep-example\error-context.md

    attachment #3: trace (application/zip) ─────────────────────────────────────────────────────────
    ..\test-results\ai-playwright-example2-zerostep-example\trace.zip
    Usage:

        npx playwright show-trace ..\test-results\ai-playwright-example2-zerostep-example\trace.zip

    ────────────────────────────────────────────────────────────────────────────────────────────────
]]>
</failure>
<system-out>
<![CDATA[
[[ATTACHMENT|test-results\ai-playwright-example2-zerostep-example\test-failed-1.png]]

[[ATTACHMENT|test-results\ai-playwright-example2-zerostep-example\error-context.md]]

[[ATTACHMENT|test-results\ai-playwright-example2-zerostep-example\trace.zip]]
]]>
</system-out>
</testcase>
</testsuite>
</testsuites>